sem: startloopscope not implemented
sem: dofor not implemented
sem: startloopscope not implemented
sem: dofor not implemented
sem: startloopscope not implemented
sem: ccand not implemented
sem: ccand not implemented
