sem: startloopscope not implemented
sem: dofor not implemented
func fact 1
formal x 1 4
bgnstmt 6
t1 := param x 0
t2 := @i t1
t3 := 2
t4 := t2 <i t3
bt t4 B1
br B2
label L1
bgnstmt 6
t5 := 1
reti t5
br B3
label L2
bgnstmt 8
t6 := param x 0
t7 := @i t6
t8 := param x 0
t9 := @i t8
t10 := 1
t11 := t9 -i t10
argi t11
t12 := global fact
t13 := fi t12 1 t11
t14 := t7 *i t13
reti t14
label L3
B1=L1
B2=L2
B3=L3
fend
func main 1
localloc x 17 80
localloc i 1 4
bgnstmt 16
t15 := local i 1
t16 := 0
t17 := t15 =i t16
label L4
t18 := local i 1
t19 := @i t18
t20 := 10
t21 := t19 <i t20
bt t21 B4
br B5
label L5
t22 := local i 1
t23 := 1
t24 := @i t22
t25 := t24 +i t23
t26 := t22 =i t25
br B6
label L6
bgnstmt 16
bgnstmt 17
t27 := local i 1
t28 := @i t27
t29 := local x 0
t30 := t29 []i t28
t31 := local i 1
t32 := @i t31
t33 := cvf t32
t34 := t30 =f t33
bgnstmt 18
t35 := "%10d %d %10d\n"
t36 := local i 1
t37 := @i t36
t38 := local x 0
t39 := t38 []i t37
t40 := @i t39
argi t40
t41 := global fact
t42 := fi t41 1 t40
t43 := local i 1
t44 := @i t43
t45 := local i 1
t46 := @i t45
t47 := local x 0
t48 := t47 []i t46
t49 := @i t48
argi t49
t50 := global fact
t51 := fi t50 1 t49
argi t35
argi t42
argi t44
argi t51
t52 := global printf
t53 := fi t52 4 t35 t42 t44 t51
br B7
label L7
fend
