sem: startloopscope not implemented
sem: dofor not implemented
sem: startloopscope not implemented
sem: dofor not implemented
alloc m 17 24
func scale 1
formal x 1 4
localloc i 1 4
bgnstmt 6
t1 := param x 0
t2 := @i t1
t3 := 0
t4 := t2 ==i t3
bt t4 B1
br B2
label L1
bgnstmt 6
t5 := 0
reti t5
label L2
B1=L1
B2=L2
bgnstmt 8
t6 := local i 0
t7 := 0
t8 := t6 =i t7
label L3
t9 := local i 0
t10 := @i t9
t11 := 6
t12 := t10 <i t11
bt t12 B3
br B4
label L4
t13 := local i 0
t14 := 1
t15 := @i t13
t16 := t15 +i t14
t17 := t13 =i t16
br B5
label L5
bgnstmt 8
t18 := local i 0
t19 := @i t18
t20 := global m
t21 := t20 []i t19
t22 := param x 0
t23 := @i t22
t24 := @i t21
t25 := t24 *i t23
t26 := t21 =f t25
br B6
label L6
bgnstmt 10
t27 := 1
reti t27
fend
func main 1
localloc i 1 4
localloc z 1 4
bgnstmt 17
t28 := 0
t29 := global m
t30 := t29 []i t28
t31 := 0
t32 := cvf t31
t33 := t30 =f t32
bgnstmt 18
t34 := 1
t35 := global m
t36 := t35 []i t34
t37 := 1
t38 := cvf t37
t39 := t36 =f t38
bgnstmt 19
t40 := 2
t41 := global m
t42 := t41 []i t40
t43 := 2
t44 := cvf t43
t45 := t42 =f t44
bgnstmt 20
t46 := 3
t47 := global m
t48 := t47 []i t46
t49 := 3
t50 := cvf t49
t51 := t48 =f t50
bgnstmt 21
t52 := 4
t53 := global m
t54 := t53 []i t52
t55 := 4
t56 := cvf t55
t57 := t54 =f t56
bgnstmt 22
t58 := 5
t59 := global m
t60 := t59 []i t58
t61 := 5
t62 := cvf t61
t63 := t60 =f t62
bgnstmt 23
t64 := local z 1
t65 := 10
t66 := t64 =i t65
bgnstmt 24
t67 := local z 1
t68 := @i t67
argi t68
t69 := global scale
t70 := fi t69 1 t68
t71 := 0
t72 := t70 !=i t71
bt t72 B7
br B8
label L7
bgnstmt 24
t73 := local i 0
t74 := 0
t75 := t73 =i t74
label L8
t76 := local i 0
t77 := @i t76
t78 := 6
t79 := t77 <i t78
bt t79 B9
br B10
label L9
t80 := local i 0
t81 := 1
t82 := @i t80
t83 := t82 +i t81
t84 := t80 =i t83
br B11
label L10
bgnstmt 25
bgnstmt 26
t85 := "m[%d]"
t86 := local i 0
t87 := @i t86
argi t85
argi t87
t88 := global printf
t89 := fi t88 2 t85 t87
bgnstmt 27
t90 := " = %d\n"
t91 := local i 0
t92 := @i t91
t93 := global m
t94 := t93 []i t92
t95 := @i t94
argi t90
argi t95
t96 := global printf
t97 := fi t96 2 t90 t95
br B12
label L11
br B13
label L12
bgnstmt 29
t98 := "scale factor is zero\n"
argi t98
t99 := global printf
t100 := fi t99 1 t98
label L13
B7=L7
B8=L12
B13=L13
fend
