sem: startloopscope not implemented
sem: dogoto not implemented
sem: dofor not implemented
func main 1
localloc i 1 4
localloc sum 1 4
bgnstmt 6
t1 := local sum 1
t2 := 0
t3 := t1 =i t2
bgnstmt 7
t4 := local i 0
t5 := 0
t6 := t4 =i t5
label L1
t7 := local i 0
t8 := @i t7
t9 := 100
t10 := t8 <i t9
bt t10 B1
br B2
label L2
t11 := local i 0
t12 := local i 0
t13 := @i t12
t14 := 1
t15 := t13 +i t14
t16 := t11 =i t15
br B3
label L3
bgnstmt 7
t17 := local sum 1
t18 := @i t17
t19 := 50
t20 := t18 ==i t19
bt t20 B4
br B5
label L4
bgnstmt 8
br B6
label L5
bgnstmt 10
t21 := local sum 1
t22 := local i 0
t23 := @i t22
t24 := @i t21
t25 := t24 +i t23
t26 := t21 =i t25
label L6
B4=L4
B5=L5
B6=L6
br B7
label L7
bgnstmt 12
t27 := "%d\n"
t28 := local sum 1
t29 := @i t28
argi t27
argi t29
t30 := global printf
t31 := fi t30 2 t27 t29
fend
